[zuramai.github.io/mazer/demo/index.html]
[backblue.gif]
[fade.gif]
[index.html]
[zuramai.github.io/mazer/demo/assets/compiled/css/app.css]
[zuramai.github.io/mazer/demo/assets/compiled/css/app-dark.css]
[zuramai.github.io/mazer/demo/assets/compiled/css/iconly.css]
[zuramai.github.io/mazer/demo/assets/static/js/initTheme.js]
[zuramai.github.io/mazer/demo/component-accordion.html]
[zuramai.github.io/mazer/demo/component-alert.html]
[zuramai.github.io/mazer/demo/component-badge.html]
[zuramai.github.io/mazer/demo/component-breadcrumb.html]
[zuramai.github.io/mazer/demo/component-button.html]
[zuramai.github.io/mazer/demo/component-card.html]
[zuramai.github.io/mazer/demo/component-carousel.html]
[zuramai.github.io/mazer/demo/component-collapse.html]
[zuramai.github.io/mazer/demo/component-dropdown.html]
[zuramai.github.io/mazer/demo/component-list-group.html]
[zuramai.github.io/mazer/demo/component-modal.html]
[zuramai.github.io/mazer/demo/component-navs.html]
[zuramai.github.io/mazer/demo/component-pagination.html]
[zuramai.github.io/mazer/demo/component-placeholder.html]
[zuramai.github.io/mazer/demo/component-progress.html]
[zuramai.github.io/mazer/demo/component-spinner.html]
[zuramai.github.io/mazer/demo/component-toasts.html]
[zuramai.github.io/mazer/demo/component-tooltip.html]
[zuramai.github.io/mazer/demo/extra-component-avatar.html]
[zuramai.github.io/mazer/demo/extra-component-comment.html]
[zuramai.github.io/mazer/demo/extra-component-divider.html]
[zuramai.github.io/mazer/demo/extra-component-date-picker.html]
[zuramai.github.io/mazer/demo/extra-component-flag.html]
[zuramai.github.io/mazer/demo/extra-component-sweetalert.html]
[zuramai.github.io/mazer/demo/extra-component-toastify.html]
[zuramai.github.io/mazer/demo/extra-component-rating.html]
[zuramai.github.io/mazer/demo/extra-component-glightbox.html]
[zuramai.github.io/mazer/demo/layout-default.html]
[zuramai.github.io/mazer/demo/layout-vertical-1-column.html]
[zuramai.github.io/mazer/demo/layout-vertical-navbar.html]
[zuramai.github.io/mazer/demo/layout-rtl.html]
[zuramai.github.io/mazer/demo/layout-horizontal.html]
[zuramai.github.io/mazer/demo/form-element-input.html]
[zuramai.github.io/mazer/demo/form-element-input-group.html]
[zuramai.github.io/mazer/demo/form-element-select.html]
[zuramai.github.io/mazer/demo/form-element-radio.html]
[zuramai.github.io/mazer/demo/form-element-checkbox.html]
[zuramai.github.io/mazer/demo/form-element-textarea.html]
[zuramai.github.io/mazer/demo/form-layout.html]
[zuramai.github.io/mazer/demo/form-validation-parsley.html]
[zuramai.github.io/mazer/demo/form-editor-quill.html]
[zuramai.github.io/mazer/demo/form-editor-ckeditor.html]
[zuramai.github.io/mazer/demo/form-editor-summernote.html]
[zuramai.github.io/mazer/demo/form-editor-tinymce.html]
[zuramai.github.io/mazer/demo/table.html]
[zuramai.github.io/mazer/demo/table-datatable.html]
[zuramai.github.io/mazer/demo/table-datatable-jquery.html]
[zuramai.github.io/mazer/demo/ui-widgets-chatbox.html]
[zuramai.github.io/mazer/demo/ui-widgets-pricing.html]
[zuramai.github.io/mazer/demo/ui-widgets-todolist.html]
[zuramai.github.io/mazer/demo/ui-icons-bootstrap-icons.html]
[zuramai.github.io/mazer/demo/ui-icons-fontawesome.html]
[zuramai.github.io/mazer/demo/ui-icons-dripicons.html]
[zuramai.github.io/mazer/demo/ui-chart-chartjs.html]
[zuramai.github.io/mazer/demo/ui-chart-apexcharts.html]
[zuramai.github.io/mazer/demo/ui-file-uploader.html]
[zuramai.github.io/mazer/demo/ui-map-google-map.html]
[zuramai.github.io/mazer/demo/ui-map-jsvectormap.html]
[zuramai.github.io/mazer/demo/ui-map-leaflet.html]
[zuramai.github.io/mazer/demo/ui-map-openlayers.html]
[zuramai.github.io/mazer/demo/ui-multi-level-menu.html]
[zuramai.github.io/mazer/demo/application-email.html]
[zuramai.github.io/mazer/demo/application-chat.html]
[zuramai.github.io/mazer/demo/application-gallery.html]
[zuramai.github.io/mazer/demo/application-checkout.html]
[zuramai.github.io/mazer/demo/account-profile.html]
[zuramai.github.io/mazer/demo/account-security.html]
[zuramai.github.io/mazer/demo/auth-login.html]
[zuramai.github.io/mazer/demo/auth-register.html]
[zuramai.github.io/mazer/demo/auth-forgot-password.html]
[zuramai.github.io/mazer/demo/error-403.html]
[zuramai.github.io/mazer/demo/error-404.html]
[zuramai.github.io/mazer/demo/error-500.html]
[zuramai.github.io/mazer/demo/assets/static/images/bootstrap-icons.svg]
[zuramai.github.io/mazer/demo/assets/compiled/jpg/5.jpg]
[zuramai.github.io/mazer/demo/assets/compiled/jpg/2.jpg]
[zuramai.github.io/mazer/demo/assets/compiled/jpg/8.jpg]
[zuramai.github.io/mazer/demo/assets/compiled/jpg/3.jpg]
[zuramai.github.io/mazer/demo/assets/compiled/jpg/1.jpg]
[zuramai.github.io/mazer/demo/assets/compiled/jpg/4.jpg]
[zuramai.github.io/mazer/demo/assets/static/js/components/dark.js]
[zuramai.github.io/mazer/demo/assets/extensions/perfect-scrollbar/perfect-scrollbar.min.js]
[zuramai.github.io/mazer/demo/assets/compiled/js/app.js]
[zuramai.github.io/mazer/demo/assets/extensions/apexcharts/apexcharts.min.js]
[zuramai.github.io/mazer/demo/assets/static/js/pages/dashboard.js]
[zuramai.github.io/mazer/demo/index.html]
[zuramai.github.io/mazer/demo/assets/compiled/fonts/bootstrap-icons.woff2]
[zuramai.github.io/mazer/demo/assets/compiled/fonts/nunito-latin-300-normal.woff2]
[zuramai.github.io/mazer/demo/assets/compiled/fonts/nunito-latin-300-normal.woff]
[zuramai.github.io/mazer/demo/assets/compiled/fonts/nunito-latin-400-normal.woff2]
[zuramai.github.io/mazer/demo/assets/compiled/fonts/nunito-latin-400-normal.woff]
[zuramai.github.io/mazer/demo/assets/compiled/fonts/nunito-latin-600-normal.woff2]
[zuramai.github.io/mazer/demo/assets/compiled/fonts/nunito-latin-600-normal.woff]
[zuramai.github.io/mazer/demo/assets/compiled/fonts/nunito-latin-700-normal.woff2]
[zuramai.github.io/mazer/demo/assets/compiled/fonts/nunito-latin-700-normal.woff]
[zuramai.github.io/mazer/demo/assets/compiled/fonts/nunito-latin-800-normal.woff2]
[zuramai.github.io/mazer/demo/assets/compiled/fonts/nunito-latin-800-normal.woff]
[zuramai.github.io/mazer/demo/assets/compiled/css/app.css]
[zuramai.github.io/mazer/demo/assets/compiled/css/app-dark.css]
[zuramai.github.io/mazer/demo/assets/compiled/eot/Iconly---Boldd503.eot]
[zuramai.github.io/mazer/demo/assets/compiled/fonts/Iconly---Boldd503.ttf]
[zuramai.github.io/mazer/demo/assets/compiled/fonts/Iconly---Boldd503.woff]
[zuramai.github.io/mazer/demo/assets/compiled/css/iconly.css]
[zuramai.github.io/mazer/demo/assets/compiled/svg/Iconly---Boldd503.svg]
[zuramai.github.io/mazer/demo/component-accordion.html]
[zuramai.github.io/mazer/demo/component-alert.html]
[zuramai.github.io/mazer/demo/component-badge.html]
[zuramai.github.io/mazer/demo/component-breadcrumb.html]
[zuramai.github.io/mazer/demo/component-button.html]
[zuramai.github.io/mazer/demo/assets/compiled/jpg/banana.jpg]
[zuramai.github.io/mazer/demo/assets/compiled/jpg/motorcycle.jpg]
[zuramai.github.io/mazer/demo/assets/compiled/jpg/architecture1.jpg]
[zuramai.github.io/mazer/demo/assets/compiled/jpg/bg-mountain.jpg]
[zuramai.github.io/mazer/demo/assets/compiled/jpg/jump.jpg]
[zuramai.github.io/mazer/demo/assets/compiled/jpg/building.jpg]
[zuramai.github.io/mazer/demo/assets/compiled/jpg/origami.jpg]
[zuramai.github.io/mazer/demo/assets/compiled/jpg/water.jpg]
[zuramai.github.io/mazer/demo/assets/compiled/png/1.png]
[zuramai.github.io/mazer/demo/assets/compiled/png/2.png]
[zuramai.github.io/mazer/demo/assets/compiled/png/3.png]
[zuramai.github.io/mazer/demo/assets/compiled/png/4.png]
[zuramai.github.io/mazer/demo/component-card.html]
[zuramai.github.io/mazer/demo/component-carousel.html]
[zuramai.github.io/mazer/demo/component-collapse.html]
[zuramai.github.io/mazer/demo/component-dropdown.html]
[zuramai.github.io/mazer/demo/component-list-group.html]
[zuramai.github.io/mazer/demo/component-modal.html]
[zuramai.github.io/mazer/demo/component-navs.html]
[zuramai.github.io/mazer/demo/component-pagination.html]
[zuramai.github.io/mazer/demo/component-placeholder.html]
[zuramai.github.io/mazer/demo/component-progress.html]
[zuramai.github.io/mazer/demo/component-spinner.html]
[zuramai.github.io/mazer/demo/assets/static/js/pages/component-toasts.js]
[zuramai.github.io/mazer/demo/component-toasts.html]
[zuramai.github.io/mazer/demo/component-tooltip.html]
[zuramai.github.io/mazer/demo/extra-component-avatar.html]
[zuramai.github.io/mazer/demo/extra-component-comment.html]
[zuramai.github.io/mazer/demo/extra-component-divider.html]
[zuramai.github.io/mazer/demo/assets/extensions/flatpickr/flatpickr.min.css]
[zuramai.github.io/mazer/demo/assets/extensions/flatpickr/flatpickr.min.js]
[zuramai.github.io/mazer/demo/assets/static/js/pages/date-picker.js]
[zuramai.github.io/mazer/demo/extra-component-date-picker.html]
[zuramai.github.io/mazer/demo/assets/compiled/css/extra-component-flag.css]
[zuramai.github.io/mazer/demo/extra-component-flag.html]
[zuramai.github.io/mazer/demo/assets/extensions/sweetalert2/sweetalert2.min.css]
[zuramai.github.io/mazer/demo/assets/extensions/sweetalert2/sweetalert2.min.js]
[zuramai.github.io/mazer/demo/assets/static/js/pages/sweetalert2.js]
[zuramai.github.io/mazer/demo/extra-component-sweetalert.html]
[zuramai.github.io/mazer/demo/assets/extensions/toastify-js/src/toastify.css]
[zuramai.github.io/mazer/demo/assets/extensions/toastify-js/src/toastify.js]
[zuramai.github.io/mazer/demo/assets/static/js/pages/toastify.js]
[zuramai.github.io/mazer/demo/extra-component-toastify.html]
[zuramai.github.io/mazer/demo/assets/extensions/rater-js/lib/style.css]
[zuramai.github.io/mazer/demo/assets/extensions/rater-js/index5e1f.js]
[zuramai.github.io/mazer/demo/assets/static/js/pages/rater-js.js]
[zuramai.github.io/mazer/demo/extra-component-rating.html]
[cdn.jsdelivr.net/npm/glightbox/dist/css/glightbox.min.css]
[zuramai.github.io/mazer/demo/assets/compiled/css/extra-component-glightbox.css]
[zuramai.github.io/mazer/demo/assets/static/images/glightbox/large/gm1.jpg]
[zuramai.github.io/mazer/demo/assets/compiled/jpg/gm1.jpg]
[zuramai.github.io/mazer/demo/assets/static/images/glightbox/large/gm2.jpg]
[zuramai.github.io/mazer/demo/assets/compiled/jpg/gm2.jpg]
[zuramai.github.io/mazer/demo/assets/static/images/glightbox/large/gm3.jpg]
[zuramai.github.io/mazer/demo/assets/compiled/jpg/gm3.jpg]
[zuramai.github.io/mazer/demo/assets/static/images/glightbox/large/gm4.jpg]
[zuramai.github.io/mazer/demo/assets/compiled/jpg/gm4.jpg]
[zuramai.github.io/mazer/demo/assets/static/images/glightbox/large/gm5.jpg]
[zuramai.github.io/mazer/demo/assets/compiled/jpg/gm5.jpg]
[zuramai.github.io/mazer/demo/assets/static/images/glightbox/large/gm6.jpg]
[zuramai.github.io/mazer/demo/assets/compiled/jpg/gm6.jpg]
[zuramai.github.io/mazer/demo/assets/static/images/glightbox/large/gm7.jpg]
[zuramai.github.io/mazer/demo/assets/compiled/jpg/gm7.jpg]
[zuramai.github.io/mazer/demo/assets/static/images/glightbox/large/gm8.jpg]
[zuramai.github.io/mazer/demo/assets/compiled/jpg/gm8.jpg]
[zuramai.github.io/mazer/demo/assets/static/images/glightbox/large/gm9.jpg]
[zuramai.github.io/mazer/demo/assets/compiled/jpg/gm9.jpg]
[zuramai.github.io/mazer/demo/assets/compiled/jpg/gm10.jpg]
[zuramai.github.io/mazer/demo/assets/compiled/jpg/gm11.jpg]
[zuramai.github.io/mazer/demo/assets/static/videos/glightbox/pexels-video-1550080.mp4]
[zuramai.github.io/mazer/demo/assets/compiled/jpg/gm12.jpg]
[zuramai.github.io/mazer/demo/assets/compiled/jpg/gm14.jpg]
[zuramai.github.io/mazer/demo/assets/compiled/jpg/gm15.jpg]
[zuramai.github.io/mazer/demo/assets/compiled/jpg/gm16.jpg]
[cdn.jsdelivr.net/npm/animejs@3.1.0/lib/anime.min.js]
[zuramai.github.io/mazer/demo/assets/static/js/pages/valde.min.js]
[cdn.jsdelivr.net/gh/mcstudios/glightbox/dist/js/glightbox.min.js]
[zuramai.github.io/mazer/demo/assets/static/js/pages/component-glightbox.js]
[zuramai.github.io/mazer/demo/extra-component-glightbox.html]
[zuramai.github.io/mazer/demo/layout-default.html]
[zuramai.github.io/mazer/demo/layout-vertical-1-column.html]
[zuramai.github.io/mazer/demo/layout-vertical-navbar.html]
[zuramai.github.io/mazer/demo/assets/compiled/css/app.rtl.css]
[zuramai.github.io/mazer/demo/layout-rtl.html]
[zuramai.github.io/mazer/demo/assets/compiled/css/app-dark.rtl.css]
[zuramai.github.io/mazer/demo/assets/static/js/pages/horizontal-layout.js]
[zuramai.github.io/mazer/demo/layout-horizontal.html]
[zuramai.github.io/mazer/demo/form-element-input.html]
[zuramai.github.io/mazer/demo/form-element-input-group.html]
[zuramai.github.io/mazer/demo/assets/extensions/choices.js/public/assets/styles/choices.css]
[zuramai.github.io/mazer/demo/assets/extensions/choices.js/public/assets/scripts/choices.js]
[zuramai.github.io/mazer/demo/assets/static/js/pages/form-element-select.js]
[zuramai.github.io/mazer/demo/form-element-select.html]
[zuramai.github.io/mazer/demo/form-element-radio.html]
[zuramai.github.io/mazer/demo/form-element-checkbox.html]
[zuramai.github.io/mazer/demo/form-element-textarea.html]
[zuramai.github.io/mazer/demo/form-layout.html]
[zuramai.github.io/mazer/demo/assets/extensions/jquery/jquery.min.js]
[zuramai.github.io/mazer/demo/assets/extensions/parsleyjs/parsley.min.js]
[zuramai.github.io/mazer/demo/assets/static/js/pages/parsley.js]
[zuramai.github.io/mazer/demo/form-validation-parsley.html]
[zuramai.github.io/mazer/demo/assets/extensions/quill/quill.snow.css]
[zuramai.github.io/mazer/demo/assets/extensions/quill/quill.bubble.css]
[zuramai.github.io/mazer/demo/assets/extensions/quill/quill.min.js]
[zuramai.github.io/mazer/demo/assets/static/js/pages/quill.js]
[zuramai.github.io/mazer/demo/form-editor-quill.html]
[cdn.ckeditor.com/ckeditor5/34.2.0/classic/ckeditor.js]
[zuramai.github.io/mazer/demo/assets/static/js/pages/ckeditor.js]
[zuramai.github.io/mazer/demo/form-editor-ckeditor.html]
[zuramai.github.io/mazer/demo/assets/extensions/summernote/summernote-lite.css]
[zuramai.github.io/mazer/demo/assets/extensions/summernote/summernote-lite.min.js]
[zuramai.github.io/mazer/demo/assets/static/js/pages/summernote.js]
[zuramai.github.io/mazer/demo/form-editor-summernote.html]
[zuramai.github.io/mazer/demo/assets/extensions/tinymce/tinymce.min.js]
[zuramai.github.io/mazer/demo/assets/static/js/pages/tinymce.js]
[zuramai.github.io/mazer/demo/form-editor-tinymce.html]
[zuramai.github.io/mazer/demo/table.html]
[zuramai.github.io/mazer/demo/assets/extensions/simple-datatables/style.css]
[zuramai.github.io/mazer/demo/assets/compiled/css/table-datatable.css]
[zuramai.github.io/mazer/demo/assets/extensions/simple-datatables/umd/simple-datatables.js]
[zuramai.github.io/mazer/demo/assets/static/js/pages/simple-datatables.js]
[zuramai.github.io/mazer/demo/table-datatable.html]
[zuramai.github.io/mazer/demo/assets/extensions/datatables.net-bs5/css/dataTables.bootstrap5.min.css]
[zuramai.github.io/mazer/demo/assets/compiled/css/table-datatable-jquery.css]
[zuramai.github.io/mazer/demo/assets/extensions/datatables.net/js/jquery.dataTables.min.js]
[zuramai.github.io/mazer/demo/assets/extensions/datatables.net-bs5/js/dataTables.bootstrap5.min.js]
[zuramai.github.io/mazer/demo/assets/static/js/pages/datatables.js]
[zuramai.github.io/mazer/demo/table-datatable-jquery.html]
[zuramai.github.io/mazer/demo/assets/compiled/css/ui-widgets-chatbox.css]
[zuramai.github.io/mazer/demo/ui-widgets-chatbox.html]
[zuramai.github.io/mazer/demo/ui-widgets-pricing.html]
[zuramai.github.io/mazer/demo/assets/extensions/dragula/dragula.min.css]
[zuramai.github.io/mazer/demo/assets/compiled/css/ui-widgets-todolist.css]
[zuramai.github.io/mazer/demo/assets/extensions/dragula/dragula.min.js]
[zuramai.github.io/mazer/demo/assets/static/js/pages/ui-todolist.js]
[zuramai.github.io/mazer/demo/ui-widgets-todolist.html]
[zuramai.github.io/mazer/demo/ui-icons-bootstrap-icons.html]
[zuramai.github.io/mazer/demo/assets/extensions/@fortawesome/fontawesome-free/css/all.min.css]
[zuramai.github.io/mazer/demo/ui-icons-fontawesome.html]
[zuramai.github.io/mazer/demo/assets/extensions/@icon/dripicons/dripicons.css]
[zuramai.github.io/mazer/demo/assets/compiled/css/ui-icons-dripicons.css]
[zuramai.github.io/mazer/demo/ui-icons-dripicons.html]
[zuramai.github.io/mazer/demo/assets/extensions/chart.js/chart.umd.js]
[zuramai.github.io/mazer/demo/ui-chart-chartjs.html]
[zuramai.github.io/mazer/demo/assets/static/js/pages/ui-chartjs.js]
[zuramai.github.io/mazer/demo/assets/extensions/dayjs/dayjs.min.js]
[zuramai.github.io/mazer/demo/assets/static/js/pages/ui-apexchart.js]
[zuramai.github.io/mazer/demo/ui-chart-apexcharts.html]
[zuramai.github.io/mazer/demo/assets/extensions/filepond/filepond.css]
[zuramai.github.io/mazer/demo/assets/extensions/filepond-plugin-image-preview/filepond-plugin-image-preview.css]
[zuramai.github.io/mazer/demo/assets/extensions/filepond-plugin-file-validate-size/filepond-plugin-file-validate-size.min.js]
[zuramai.github.io/mazer/demo/assets/extensions/filepond-plugin-file-validate-type/filepond-plugin-file-validate-type.min.js]
[zuramai.github.io/mazer/demo/assets/extensions/filepond-plugin-image-crop/filepond-plugin-image-crop.min.js]
[zuramai.github.io/mazer/demo/assets/extensions/filepond-plugin-image-exif-orientation/filepond-plugin-image-exif-orientation.min.js]
[zuramai.github.io/mazer/demo/assets/extensions/filepond-plugin-image-filter/filepond-plugin-image-filter.min.js]
[zuramai.github.io/mazer/demo/assets/extensions/filepond-plugin-image-preview/filepond-plugin-image-preview.min.js]
[zuramai.github.io/mazer/demo/assets/extensions/filepond-plugin-image-resize/filepond-plugin-image-resize.min.js]
[zuramai.github.io/mazer/demo/assets/extensions/filepond/filepond.js]
[zuramai.github.io/mazer/demo/assets/static/js/pages/filepond.js]
[zuramai.github.io/mazer/demo/ui-file-uploader.html]
[zuramai.github.io/mazer/demo/ui-map-google-map.html]
[zuramai.github.io/mazer/demo/assets/extensions/jsvectormap/css/jsvectormap.min.css]
[zuramai.github.io/mazer/demo/assets/extensions/jsvectormap/js/jsvectormap.min.js]
[zuramai.github.io/mazer/demo/assets/extensions/jsvectormap/maps/world.js]
[zuramai.github.io/mazer/demo/assets/static/js/pages/jsvectormap.js]
[zuramai.github.io/mazer/demo/ui-map-jsvectormap.html]
[unpkg.com/leaflet@1.9.4/dist/leaflet.css]
[unpkg.com/leaflet@1.9.4/dist/leaflet.js]
[zuramai.github.io/mazer/demo/assets/static/js/pages/ui-map-leaflet.js]
[zuramai.github.io/mazer/demo/ui-map-leaflet.html]
[cdn.jsdelivr.net/npm/ol@v9.2.4/ol.css]
[cdn.jsdelivr.net/npm/ol@v9.2.4/dist/ol.js]
[zuramai.github.io/mazer/demo/assets/static/js/pages/ui-map-openlayers.js]
[zuramai.github.io/mazer/demo/ui-map-openlayers.html]
[zuramai.github.io/mazer/demo/ui-multi-level-menu.html]
[zuramai.github.io/mazer/demo/assets/compiled/css/application-email.css]
[zuramai.github.io/mazer/demo/assets/compiled/jpg/7.jpg]
[zuramai.github.io/mazer/demo/assets/compiled/jpg/6.jpg]
[zuramai.github.io/app-assets/static/images/icon/psd.png]
[zuramai.github.io/app-assets/static/images/icon/sketch.png]
[zuramai.github.io/mazer/demo/assets/static/images/faces/19.jpg]
[zuramai.github.io/mazer/demo/application-email.html]
[zuramai.github.io/mazer/demo/application-chat.html]
[zuramai.github.io/mazer/demo/application-gallery.html]
[zuramai.github.io/mazer/demo/application-checkout.html]
[zuramai.github.io/mazer/demo/account-profile.html]
[zuramai.github.io/mazer/demo/account-security.html]
[zuramai.github.io/mazer/demo/assets/compiled/css/auth.css]
[zuramai.github.io/mazer/demo/auth-login.html]
[zuramai.github.io/mazer/demo/auth-register.html]
[zuramai.github.io/mazer/demo/auth-forgot-password.html]
[zuramai.github.io/mazer/demo/assets/compiled/svg/error-403.svg]
[zuramai.github.io/mazer/demo/error-403.html]
[zuramai.github.io/mazer/demo/assets/compiled/svg/error-404.svg]
[zuramai.github.io/mazer/demo/error-404.html]
[zuramai.github.io/mazer/demo/assets/compiled/svg/error-500.svg]
[zuramai.github.io/mazer/demo/error-500.html]
[zuramai.github.io/mazer/demo/assets/static/images/bootstrap-icons.svg]
[zuramai.github.io/mazer/demo/assets/compiled/svg/Iconly---Boldd503.svg]
[zuramai.github.io/mazer/demo/assets/extensions/flatpickr/flatpickr.min.css]
[zuramai.github.io/mazer/demo/assets/compiled/svg/ad.svg]
[zuramai.github.io/mazer/demo/assets/compiled/svg/af.svg]
[zuramai.github.io/mazer/demo/assets/compiled/svg/al.svg]
[zuramai.github.io/mazer/demo/assets/compiled/svg/aq.svg]
[zuramai.github.io/mazer/demo/assets/compiled/svg/as.svg]
[zuramai.github.io/mazer/demo/assets/compiled/svg/bm.svg]
[zuramai.github.io/mazer/demo/assets/compiled/svg/bn.svg]
[zuramai.github.io/mazer/demo/assets/compiled/svg/bo.svg]
[zuramai.github.io/mazer/demo/assets/compiled/svg/br.svg]
[zuramai.github.io/mazer/demo/assets/compiled/svg/bt.svg]
[zuramai.github.io/mazer/demo/assets/compiled/svg/bz.svg]
[zuramai.github.io/mazer/demo/assets/compiled/svg/cc.svg]
[zuramai.github.io/mazer/demo/assets/compiled/svg/cr.svg]
[zuramai.github.io/mazer/demo/assets/compiled/svg/cy.svg]
[zuramai.github.io/mazer/demo/assets/compiled/svg/dm.svg]
[zuramai.github.io/mazer/demo/assets/compiled/svg/do.svg]
[zuramai.github.io/mazer/demo/assets/compiled/svg/ec.svg]
[zuramai.github.io/mazer/demo/assets/compiled/svg/eg.svg]
[zuramai.github.io/mazer/demo/assets/compiled/svg/er.svg]
[zuramai.github.io/mazer/demo/assets/compiled/svg/es.svg]
[zuramai.github.io/mazer/demo/assets/compiled/svg/fj.svg]
[zuramai.github.io/mazer/demo/assets/compiled/svg/fk.svg]
[zuramai.github.io/mazer/demo/assets/compiled/svg/gb-wls.svg]
[zuramai.github.io/mazer/demo/assets/compiled/svg/gi.svg]
[zuramai.github.io/mazer/demo/assets/compiled/svg/gq.svg]
[zuramai.github.io/mazer/demo/assets/compiled/svg/gs.svg]
[zuramai.github.io/mazer/demo/assets/compiled/svg/gt.svg]
[zuramai.github.io/mazer/demo/assets/compiled/svg/gu.svg]
[zuramai.github.io/mazer/demo/assets/compiled/svg/hr.svg]
[zuramai.github.io/mazer/demo/assets/compiled/svg/ht.svg]
[zuramai.github.io/mazer/demo/assets/compiled/svg/im.svg]
[zuramai.github.io/mazer/demo/assets/compiled/svg/io.svg]
[zuramai.github.io/mazer/demo/assets/compiled/svg/je.svg]
[zuramai.github.io/mazer/demo/assets/compiled/svg/kg.svg]
[zuramai.github.io/mazer/demo/assets/compiled/svg/kh.svg]
[zuramai.github.io/mazer/demo/assets/compiled/svg/ky.svg]
[zuramai.github.io/mazer/demo/assets/compiled/svg/kz.svg]
[zuramai.github.io/mazer/demo/assets/compiled/svg/lb.svg]
[zuramai.github.io/mazer/demo/assets/compiled/svg/li.svg]
[zuramai.github.io/mazer/demo/assets/compiled/svg/lk.svg]
[zuramai.github.io/mazer/demo/assets/compiled/svg/md.svg]
[zuramai.github.io/mazer/demo/assets/compiled/svg/me.svg]
[zuramai.github.io/mazer/demo/assets/compiled/svg/mp.svg]
[zuramai.github.io/mazer/demo/assets/compiled/svg/ms.svg]
[zuramai.github.io/mazer/demo/assets/compiled/svg/mt.svg]
[zuramai.github.io/mazer/demo/assets/compiled/svg/mx.svg]
[zuramai.github.io/mazer/demo/assets/compiled/svg/mz.svg]
[zuramai.github.io/mazer/demo/assets/compiled/svg/nf.svg]
[zuramai.github.io/mazer/demo/assets/compiled/svg/ni.svg]
[zuramai.github.io/mazer/demo/assets/compiled/svg/om.svg]
[zuramai.github.io/mazer/demo/assets/compiled/svg/pe.svg]
[zuramai.github.io/mazer/demo/assets/compiled/svg/pf.svg]
[zuramai.github.io/mazer/demo/assets/compiled/svg/pg.svg]
[zuramai.github.io/mazer/demo/assets/compiled/svg/pn.svg]
[zuramai.github.io/mazer/demo/assets/compiled/svg/pt.svg]
[zuramai.github.io/mazer/demo/assets/compiled/svg/py.svg]
[zuramai.github.io/mazer/demo/assets/compiled/svg/rs.svg]
[zuramai.github.io/mazer/demo/assets/compiled/svg/sa.svg]
[zuramai.github.io/mazer/demo/assets/compiled/svg/sm.svg]
[zuramai.github.io/mazer/demo/assets/compiled/svg/sv.svg]
[zuramai.github.io/mazer/demo/assets/compiled/svg/sx.svg]
[zuramai.github.io/mazer/demo/assets/compiled/svg/sz.svg]
[zuramai.github.io/mazer/demo/assets/compiled/svg/tc.svg]
[zuramai.github.io/mazer/demo/assets/compiled/svg/tm.svg]
[zuramai.github.io/mazer/demo/assets/compiled/svg/uy.svg]
[zuramai.github.io/mazer/demo/assets/compiled/svg/va.svg]
[zuramai.github.io/mazer/demo/assets/compiled/svg/vg.svg]
[zuramai.github.io/mazer/demo/assets/compiled/svg/vi.svg]
[zuramai.github.io/mazer/demo/assets/compiled/svg/xk.svg]
[zuramai.github.io/mazer/demo/assets/compiled/svg/zm.svg]
[zuramai.github.io/mazer/demo/assets/compiled/svg/zw.svg]
[zuramai.github.io/mazer/demo/assets/compiled/css/extra-component-flag.css]
[zuramai.github.io/mazer/demo/assets/extensions/sweetalert2/sweetalert2.min.css]
[zuramai.github.io/mazer/demo/assets/compiled/css/extra-component-sweetalert.css]
[zuramai.github.io/mazer/demo/assets/extensions/toastify-js/src/toastify.css]
[zuramai.github.io/mazer/demo/assets/extensions/rater-js/lib/star_0.svg]
[zuramai.github.io/mazer/demo/assets/extensions/rater-js/lib/star_1.svg]
[zuramai.github.io/mazer/demo/assets/extensions/rater-js/lib/style.css]
[cdn.jsdelivr.net/npm/glightbox/dist/css/glightbox.min.css]
[zuramai.github.io/mazer/demo/assets/compiled/css/extra-component-glightbox.css]
[zuramai.github.io/mazer/demo/assets/compiled/css/app.rtl.css]
[zuramai.github.io/mazer/demo/assets/compiled/css/app-dark.rtl.css]
[zuramai.github.io/mazer/demo/assets/extensions/choices.js/public/assets/styles/choices.css]
[zuramai.github.io/mazer/demo/assets/extensions/quill/quill.snow.css]
[zuramai.github.io/mazer/demo/assets/extensions/quill/quill.bubble.css]
[zuramai.github.io/mazer/demo/assets/extensions/summernote/font/summernoted41d.eot]
[zuramai.github.io/mazer/demo/assets/extensions/summernote/font/summernote.woff2]
[zuramai.github.io/mazer/demo/assets/extensions/summernote/font/summernote.woff]
[zuramai.github.io/mazer/demo/assets/extensions/summernote/font/summernote.ttf]
[zuramai.github.io/mazer/demo/assets/extensions/summernote/summernote-lite.css]
[zuramai.github.io/mazer/demo/assets/compiled/css/form-editor-summernote.css]
[zuramai.github.io/mazer/demo/assets/extensions/simple-datatables/style.css]
[zuramai.github.io/mazer/demo/assets/compiled/css/table-datatable.css]
[zuramai.github.io/mazer/demo/assets/extensions/datatables.net-bs5/css/dataTables.bootstrap5.min.css]
[zuramai.github.io/mazer/demo/assets/compiled/css/table-datatable-jquery.css]
[zuramai.github.io/mazer/demo/assets/compiled/css/ui-widgets-chatbox.css]
[zuramai.github.io/mazer/demo/assets/extensions/dragula/dragula.min.css]
[zuramai.github.io/mazer/demo/assets/compiled/css/ui-widgets-todolist.css]
[zuramai.github.io/mazer/demo/assets/extensions/@fortawesome/fontawesome-free/webfonts/fa-brands-400.eot]
[zuramai.github.io/mazer/demo/assets/extensions/@fortawesome/fontawesome-free/webfonts/fa-brands-400d41d.eot]
[zuramai.github.io/mazer/demo/assets/extensions/@fortawesome/fontawesome-free/webfonts/fa-brands-400.woff2]
[zuramai.github.io/mazer/demo/assets/extensions/@fortawesome/fontawesome-free/webfonts/fa-brands-400.woff]
[zuramai.github.io/mazer/demo/assets/extensions/@fortawesome/fontawesome-free/webfonts/fa-brands-400.ttf]
[zuramai.github.io/mazer/demo/assets/extensions/@fortawesome/fontawesome-free/webfonts/fa-brands-400.svg]
[zuramai.github.io/mazer/demo/assets/extensions/@fortawesome/fontawesome-free/webfonts/fa-regular-400.eot]
[zuramai.github.io/mazer/demo/assets/extensions/@fortawesome/fontawesome-free/webfonts/fa-regular-400d41d.eot]
[zuramai.github.io/mazer/demo/assets/extensions/@fortawesome/fontawesome-free/webfonts/fa-regular-400.woff2]
[zuramai.github.io/mazer/demo/assets/extensions/@fortawesome/fontawesome-free/webfonts/fa-regular-400.woff]
[zuramai.github.io/mazer/demo/assets/extensions/@fortawesome/fontawesome-free/webfonts/fa-regular-400.ttf]
[zuramai.github.io/mazer/demo/assets/extensions/@fortawesome/fontawesome-free/webfonts/fa-regular-400.svg]
[zuramai.github.io/mazer/demo/assets/extensions/@fortawesome/fontawesome-free/webfonts/fa-solid-900.eot]
[zuramai.github.io/mazer/demo/assets/extensions/@fortawesome/fontawesome-free/webfonts/fa-solid-900d41d.eot]
[zuramai.github.io/mazer/demo/assets/extensions/@fortawesome/fontawesome-free/webfonts/fa-solid-900.woff2]
[zuramai.github.io/mazer/demo/assets/extensions/@fortawesome/fontawesome-free/webfonts/fa-solid-900.woff]
[zuramai.github.io/mazer/demo/assets/extensions/@fortawesome/fontawesome-free/webfonts/fa-solid-900.ttf]
[zuramai.github.io/mazer/demo/assets/extensions/@fortawesome/fontawesome-free/css/all.min.css]
[zuramai.github.io/mazer/demo/assets/extensions/@fortawesome/fontawesome-free/webfonts/fa-solid-900.svg]
[zuramai.github.io/mazer/demo/assets/extensions/@icon/dripicons/dripicons.eot]
[zuramai.github.io/mazer/demo/assets/extensions/@icon/dripicons/dripiconsd41d.eot]
[zuramai.github.io/mazer/demo/assets/extensions/@icon/dripicons/dripicons.woff]
[zuramai.github.io/mazer/demo/assets/extensions/@icon/dripicons/dripicons.ttf]
[zuramai.github.io/mazer/demo/assets/extensions/@icon/dripicons/dripicons.css]
[zuramai.github.io/mazer/demo/assets/compiled/css/ui-icons-dripicons.css]
[zuramai.github.io/mazer/demo/assets/extensions/filepond/filepond.css]
[zuramai.github.io/mazer/demo/assets/extensions/filepond-plugin-image-preview/filepond-plugin-image-preview.css]
[zuramai.github.io/mazer/demo/assets/extensions/jsvectormap/css/jsvectormap.min.css]
[zuramai.github.io/mazer/demo/assets/extensions/@icon/dripicons/dripicons.svg]
[unpkg.com/leaflet@1.9.4/dist/images/layers.png]
[unpkg.com/leaflet@1.9.4/dist/images/layers-2x.png]
[unpkg.com/leaflet@1.9.4/dist/images/marker-icon.png]
[unpkg.com/leaflet@1.9.4/dist/leaflet.css]
[cdn.jsdelivr.net/npm/ol@v9.2.4/ol.css]
[zuramai.github.io/mazer/demo/assets/compiled/css/application-email.css]
[zuramai.github.io/app-assets/static/images/icon/psd.html]
[zuramai.github.io/app-assets/static/images/icon/sketch.html]
[zuramai.github.io/mazer/demo/assets/static/images/faces/19.html]
[zuramai.github.io/mazer/demo/assets/compiled/png/4853433.png]
[zuramai.github.io/mazer/demo/assets/compiled/css/auth.css]
[zuramai.github.io/mazer/demo/assets/compiled/css/error.css]
[zuramai.github.io/mazer/demo/assets/compiled/svg/error-403.svg]
[zuramai.github.io/mazer/demo/assets/compiled/svg/error-404.svg]
[zuramai.github.io/mazer/demo/assets/compiled/svg/error-500.svg]
[zuramai.github.io/mazer/demo/assets/compiled/svg/ad.svg]
[zuramai.github.io/mazer/demo/assets/compiled/svg/af.svg]
[zuramai.github.io/mazer/demo/assets/compiled/svg/al.svg]
[zuramai.github.io/mazer/demo/assets/compiled/svg/aq.svg]
[zuramai.github.io/mazer/demo/assets/compiled/svg/as.svg]
[zuramai.github.io/mazer/demo/assets/compiled/svg/bm.svg]
[zuramai.github.io/mazer/demo/assets/compiled/svg/bn.svg]
[zuramai.github.io/mazer/demo/assets/compiled/svg/bo.svg]
[zuramai.github.io/mazer/demo/assets/compiled/svg/br.svg]
[zuramai.github.io/mazer/demo/assets/compiled/svg/bt.svg]
[zuramai.github.io/mazer/demo/assets/compiled/svg/bz.svg]
[zuramai.github.io/mazer/demo/assets/compiled/svg/cc.svg]
[zuramai.github.io/mazer/demo/assets/compiled/svg/cr.svg]
[zuramai.github.io/mazer/demo/assets/compiled/svg/cy.svg]
[zuramai.github.io/mazer/demo/assets/compiled/svg/dm.svg]
[zuramai.github.io/mazer/demo/assets/compiled/svg/do.svg]
[zuramai.github.io/mazer/demo/assets/compiled/svg/ec.svg]
[zuramai.github.io/mazer/demo/assets/compiled/svg/eg.svg]
[zuramai.github.io/mazer/demo/assets/compiled/svg/er.svg]
[zuramai.github.io/mazer/demo/assets/compiled/svg/es.svg]
[zuramai.github.io/mazer/demo/assets/compiled/svg/fj.svg]
[zuramai.github.io/mazer/demo/assets/compiled/svg/fk.svg]
[zuramai.github.io/mazer/demo/assets/compiled/svg/gb-wls.svg]
[zuramai.github.io/mazer/demo/assets/compiled/svg/gi.svg]
[zuramai.github.io/mazer/demo/assets/compiled/svg/gq.svg]
[zuramai.github.io/mazer/demo/assets/compiled/svg/gs.svg]
[zuramai.github.io/mazer/demo/assets/compiled/svg/gt.svg]
[zuramai.github.io/mazer/demo/assets/compiled/svg/gu.svg]
[zuramai.github.io/mazer/demo/assets/compiled/svg/hr.svg]
[zuramai.github.io/mazer/demo/assets/compiled/svg/ht.svg]
[zuramai.github.io/mazer/demo/assets/compiled/svg/im.svg]
[zuramai.github.io/mazer/demo/assets/compiled/svg/io.svg]
[zuramai.github.io/mazer/demo/assets/compiled/svg/je.svg]
[zuramai.github.io/mazer/demo/assets/compiled/svg/kg.svg]
[zuramai.github.io/mazer/demo/assets/compiled/svg/kh.svg]
[zuramai.github.io/mazer/demo/assets/compiled/svg/ky.svg]
[zuramai.github.io/mazer/demo/assets/compiled/svg/kz.svg]
[zuramai.github.io/mazer/demo/assets/compiled/svg/lb.svg]
[zuramai.github.io/mazer/demo/assets/compiled/svg/li.svg]
[zuramai.github.io/mazer/demo/assets/compiled/svg/lk.svg]
[zuramai.github.io/mazer/demo/assets/compiled/svg/md.svg]
[zuramai.github.io/mazer/demo/assets/compiled/svg/me.svg]
[zuramai.github.io/mazer/demo/assets/compiled/svg/mp.svg]
[zuramai.github.io/mazer/demo/assets/compiled/svg/ms.svg]
[zuramai.github.io/mazer/demo/assets/compiled/svg/mt.svg]
[zuramai.github.io/mazer/demo/assets/compiled/svg/mx.svg]
[zuramai.github.io/mazer/demo/assets/compiled/svg/mz.svg]
[zuramai.github.io/mazer/demo/assets/compiled/svg/nf.svg]
[zuramai.github.io/mazer/demo/assets/compiled/svg/ni.svg]
[zuramai.github.io/mazer/demo/assets/compiled/svg/om.svg]
[zuramai.github.io/mazer/demo/assets/compiled/svg/pe.svg]
[zuramai.github.io/mazer/demo/assets/compiled/svg/pf.svg]
[zuramai.github.io/mazer/demo/assets/compiled/svg/pg.svg]
[zuramai.github.io/mazer/demo/assets/compiled/svg/pn.svg]
[zuramai.github.io/mazer/demo/assets/compiled/svg/pt.svg]
[zuramai.github.io/mazer/demo/assets/compiled/svg/py.svg]
[zuramai.github.io/mazer/demo/assets/compiled/svg/rs.svg]
[zuramai.github.io/mazer/demo/assets/compiled/svg/sa.svg]
[zuramai.github.io/mazer/demo/assets/compiled/svg/sm.svg]
[zuramai.github.io/mazer/demo/assets/compiled/svg/sv.svg]
[zuramai.github.io/mazer/demo/assets/compiled/svg/sx.svg]
[zuramai.github.io/mazer/demo/assets/compiled/svg/sz.svg]
[zuramai.github.io/mazer/demo/assets/compiled/svg/tc.svg]
[zuramai.github.io/mazer/demo/assets/compiled/svg/tm.svg]
[zuramai.github.io/mazer/demo/assets/compiled/svg/uy.svg]
[zuramai.github.io/mazer/demo/assets/compiled/svg/va.svg]
[zuramai.github.io/mazer/demo/assets/compiled/svg/vg.svg]
[zuramai.github.io/mazer/demo/assets/compiled/svg/vi.svg]
[zuramai.github.io/mazer/demo/assets/compiled/svg/xk.svg]
[zuramai.github.io/mazer/demo/assets/compiled/svg/zm.svg]
[zuramai.github.io/mazer/demo/assets/compiled/svg/zw.svg]
[zuramai.github.io/mazer/demo/assets/extensions/rater-js/lib/star_0.svg]
[zuramai.github.io/mazer/demo/assets/extensions/rater-js/lib/star_1.svg]
[zuramai.github.io/mazer/demo/assets/extensions/@fortawesome/fontawesome-free/webfonts/fa-brands-400.svg]
[zuramai.github.io/mazer/demo/assets/extensions/@fortawesome/fontawesome-free/webfonts/fa-regular-400.svg]
[zuramai.github.io/mazer/demo/assets/extensions/@fortawesome/fontawesome-free/webfonts/fa-solid-900.svg]
[zuramai.github.io/mazer/demo/assets/extensions/@icon/dripicons/dripicons.svg]
